2026-10-05T09:11:29.906Z GET /
2026-10-05T09:11:30.034Z GET /style.css
2026-10-05T09:11:30.034Z GET /book.jpg
2026-10-05T09:11:33.233Z GET /download
2026-10-05T09:11:56.910Z GET /
2026-10-05T09:11:56.998Z GET /style.css
2026-10-05T09:11:56.999Z GET /book.jpg
2026-10-05T09:12:03.609Z GET /api/books?category=IT&limit=2
2026-10-05T09:12:14.416Z GET /about
2026-10-05T09:12:19.223Z GET /
2026-10-05T09:12:19.230Z GET /style.css
2026-10-05T09:12:19.230Z GET /book.jpg
2026-10-05T09:19:13.249Z GET /about
2026-10-05T09:19:35.230Z GET /api/books
2026-10-05T09:20:13.097Z GET /abc
2026-10-05T09:20:50.077Z GET /api/books?category=IT&limit=2
2026-10-05T09:21:52.934Z POST /api/books
2026-10-05T09:22:50.673Z PUT /api/books
2026-10-05T09:24:32.382Z GET /
2026-10-05T09:24:32.393Z GET /style.css
2026-10-05T09:24:32.394Z GET /book.jpg
2026-10-05T09:24:34.570Z GET /download
